// Jest Snapshot v1, https://goo.gl/fbAQLP

exports[`Header renders correctly 1`] = `
<header
  style={
    Object {
      "marginBottom": "1.45rem",
    }
  }
>
  <div
    className="sc-AxjAm sc-AxirZ IKYhQ"
  >
    <div
      className="sc-AxjAm bgAmkT"
    >
      <h2
        className="sc-AxjAm hbdlIJ"
        fontFamily="body"
      >
        <a
          href="/"
          style={
            Object {
              "color": "white",
              "textDecoration": "none",
            }
          }
        >
          Default Starter
        </a>
      </h2>
    </div>
  </div>
</header>
`;
